03:14:44 **** Incremental Build of configuration Debug for project Driver_1 ****
make -j20 all 
arm-none-eabi-gcc "../Driver/Src/stm32_GPIO.c" -mcpu=cortex-m3 -std=gnu11 -g3 -DDEBUG -DSTM32 -DSTM32F1 -DSTM32F103C8Tx -c -I../Inc -I"C:/Users/theng/Workspace/STM32-DRIVER/Driver_1/Driver/Inc" -O0 -ffunction-sections -fdata-sections -Wall -fstack-usage -fcyclomatic-complexity -MMD -MP -MF"Driver/Src/stm32_GPIO.d" -MT"Driver/Src/stm32_GPIO.o" --specs=nano.specs -mfloat-abi=soft -mthumb -o "Driver/Src/stm32_GPIO.o"
arm-none-eabi-gcc -o "Driver_1.elf" @"objects.list"   -mcpu=cortex-m3 -T"C:\Users\theng\Workspace\STM32-DRIVER\Driver_1\STM32F103C8TX_FLASH.ld" --specs=nosys.specs -Wl,-Map="Driver_1.map" -Wl,--gc-sections -static --specs=nano.specs -mfloat-abi=soft -mthumb -Wl,--start-group -lc -lm -Wl,--end-group
Finished building target: Driver_1.elf
 
arm-none-eabi-size  Driver_1.elf 
arm-none-eabi-objdump -h -S Driver_1.elf  > "Driver_1.list"
   text	   data	    bss	    dec	    hex	filename
    564	      0	   1568	   2132	    854	Driver_1.elf
Finished building: default.size.stdout
 
Finished building: Driver_1.list
 

03:14:44 Build Finished. 0 errors, 0 warnings. (took 338ms)

